<testsuites id="" name="" tests="1" failures="0" skipped="0" errors="0" time="1.800132">
<testsuite name="rbc-launch.spec.js" timestamp="2026-01-22T06:06:17.317Z" hostname="chrome" tests="1" failures="0" skipped="0" time="1.143" errors="0">
<testcase name="RBC Launch › should open the launch page" classname="rbc-launch.spec.js" time="1.143">
<system-out>
<![CDATA[
[[ATTACHMENT|test-results/rbc-launch-RBC-Launch-should-open-the-launch-page-chrome/video.webm]]

[[ATTACHMENT|test-results/rbc-launch-RBC-Launch-should-open-the-launch-page-chrome/trace.zip]]
]]>
</system-out>
</testcase>
</testsuite>
</testsuites>